[0m06:50:10.304144 [debug] [MainThread]: Sending event: {'category': 'dbt', 'action': 'invocation', 'label': 'start', 'context': [<snowplow_tracker.self_describing_json.SelfDescribingJson object at 0x749dfe6582c0>, <snowplow_tracker.self_describing_json.SelfDescribingJson object at 0x749dfe658440>, <snowplow_tracker.self_describing_json.SelfDescribingJson object at 0x749dfe6582f0>]}


============================== 06:50:10.307648 | 238fb7ec-bf9b-48af-b3a5-04b4fd24ee61 ==============================
[0m06:50:10.307648 [info ] [MainThread]: Running with dbt=1.12.3
[0m06:50:10.308414 [debug] [MainThread]: running dbt with arguments {'introspect': 'True', 'static_parser': 'True', 'indirect_selection': 'eager', 'write_json': 'True', 'printer_width': '80', 'use_experimental_parser': 'False', 'log_cache_events': 'False', 'warn_error': 'None', 'use_colors': 'True', 'maximum_seed_size_mib': '1', 'log_format': 'default', 'log_path': 'logs', 'partial_parse': 'True', 'warn_error_options': 'WarnErrorOptionsV2(error=[], warn=[], silence=[])', 'debug': 'False', 'target_path': 'None', 'empty': 'None', 'fail_fast': 'False', 'invocation_command': 'dbt init movie_dw', 'version_check': 'True', 'send_anonymous_usage_stats': 'True', 'profiles_dir': '/home/codespace/.dbt', 'no_print': 'None', 'cache_selected_only': 'False', 'quiet': 'False', 'hints_enabled': 'True'}
[0m06:50:10.322945 [info ] [MainThread]: Creating dbt configuration folder at /home/codespace/.dbt
[0m06:50:10.324615 [debug] [MainThread]: Starter project path: /workspaces/DW_Mini-Project/.venv/lib/python3.12/site-packages/dbt/include/starter_project
[0m06:50:10.329373 [info ] [MainThread]: Setting up your profile.
[0m06:50:16.161929 [info ] [MainThread]: Profile movie_dw written to /home/codespace/.dbt/profiles.yml using target's sample configuration. Once updated, you'll be able to start developing with dbt.
[0m06:50:16.164191 [info ] [MainThread]: Running dbt debug to validate the project...
[0m06:50:16.165438 [info ] [MainThread]: dbt version: 1.12.3
[0m06:50:16.166202 [info ] [MainThread]: python version: 3.12.1
[0m06:50:16.166984 [info ] [MainThread]: python path: /workspaces/DW_Mini-Project/.venv/bin/python
[0m06:50:16.167716 [info ] [MainThread]: os info: Linux-6.8.0-1052-azure-x86_64-with-glibc2.39
[0m06:50:16.241569 [info ] [MainThread]: Using profiles dir at /home/codespace/.dbt
[0m06:50:16.242435 [info ] [MainThread]: Using profiles.yml file at /home/codespace/.dbt/profiles.yml
[0m06:50:16.243168 [info ] [MainThread]: Using dbt_project.yml file at /workspaces/DW_Mini-Project/movie_dw/dbt_project.yml
[0m06:50:16.245314 [info ] [MainThread]: adapter type: duckdb
[0m06:50:16.245876 [info ] [MainThread]: adapter version: 1.11.0
[0m06:50:16.372101 [info ] [MainThread]: Configuration:
[0m06:50:16.372898 [info ] [MainThread]:   profiles.yml file [[32mOK found and valid[0m]
[0m06:50:16.373435 [info ] [MainThread]:   dbt_project.yml file [[32mOK found and valid[0m]
[0m06:50:16.374140 [info ] [MainThread]: Required dependencies:
[0m06:50:16.374846 [debug] [MainThread]: Executing "git --help"
[0m06:50:16.378004 [debug] [MainThread]: STDOUT: "b"usage: git [-v | --version] [-h | --help] [-C <path>] [-c <name>=<value>]\n           [--exec-path[=<path>]] [--html-path] [--man-path] [--info-path]\n           [-p | --paginate | -P | --no-pager] [--no-replace-objects] [--no-lazy-fetch]\n           [--no-optional-locks] [--no-advice] [--bare] [--git-dir=<path>]\n           [--work-tree=<path>] [--namespace=<name>] [--config-env=<name>=<envvar>]\n           <command> [<args>]\n\nThese are common Git commands used in various situations:\n\nstart a working area (see also: git help tutorial)\n   clone      Clone a repository into a new directory\n   init       Create an empty Git repository or reinitialize an existing one\n\nwork on the current change (see also: git help everyday)\n   add        Add file contents to the index\n   mv         Move or rename a file, a directory, or a symlink\n   restore    Restore working tree files\n   rm         Remove files from the working tree and from the index\n\nexamine the history and state (see also: git help revisions)\n   bisect     Use binary search to find the commit that introduced a bug\n   diff       Show changes between commits, commit and working tree, etc\n   grep       Print lines matching a pattern\n   log        Show commit logs\n   show       Show various types of objects\n   status     Show the working tree status\n\ngrow, mark and tweak your common history\n   backfill   Download missing objects in a partial clone\n   branch     List, create, or delete branches\n   commit     Record changes to the repository\n   merge      Join two or more development histories together\n   rebase     Reapply commits on top of another base tip\n   reset      Set `HEAD` or the index to a known state\n   switch     Switch branches\n   tag        Create, list, delete or verify tags\n\ncollaborate (see also: git help workflows)\n   fetch      Download objects and refs from another repository\n   pull       Fetch from and integrate with another repository or a local branch\n   push       Update remote refs along with associated objects\n\n'git help -a' and 'git help -g' list available subcommands and some\nconcept guides. See 'git help <command>' or 'git help <concept>'\nto read about a specific subcommand or concept.\nSee 'git help git' for an overview of the system.\n""
[0m06:50:16.378649 [debug] [MainThread]: STDERR: "b''"
[0m06:50:16.379106 [info ] [MainThread]:  - git [[32mOK found[0m]

[0m06:50:16.379692 [info ] [MainThread]: Connection:
[0m06:50:16.380402 [info ] [MainThread]:   database: dev
[0m06:50:16.381144 [info ] [MainThread]:   schema: main
[0m06:50:16.381888 [info ] [MainThread]:   path: dev.duckdb
[0m06:50:16.382717 [info ] [MainThread]:   config_options: None
[0m06:50:16.383226 [info ] [MainThread]:   extensions: None
[0m06:50:16.383836 [info ] [MainThread]:   settings: {}
[0m06:50:16.384346 [info ] [MainThread]:   external_root: .
[0m06:50:16.384967 [info ] [MainThread]:   use_credential_provider: None
[0m06:50:16.385671 [info ] [MainThread]:   attach: None
[0m06:50:16.386364 [info ] [MainThread]:   filesystems: None
[0m06:50:16.387098 [info ] [MainThread]:   remote: None
[0m06:50:16.387822 [info ] [MainThread]:   plugins: None
[0m06:50:16.388414 [info ] [MainThread]:   disable_transactions: False
[0m06:50:16.389183 [info ] [MainThread]: Registered adapter: duckdb=1.11.0
[0m06:50:16.524900 [debug] [MainThread]: Acquiring new duckdb connection 'debug'
[0m06:50:16.560303 [debug] [MainThread]: Using duckdb connection "debug"
[0m06:50:16.561047 [debug] [MainThread]: On debug: select 1 as id
[0m06:50:16.561658 [debug] [MainThread]: Opening a new connection, currently in state init
[0m06:50:16.585955 [debug] [MainThread]: SQL status: OK in 0.024 seconds
[0m06:50:16.587155 [debug] [MainThread]: On debug: Close
[0m06:50:16.587675 [info ] [MainThread]:   Connection test: [[32mOK connection ok[0m]

[0m06:50:16.588225 [info ] [MainThread]: [32mAll checks passed![0m
[0m06:50:16.588814 [info ] [MainThread]: Your new dbt project "movie_dw" was created!
Initialized new project in /workspaces/DW_Mini-Project/movie_dw/movie_dw

For more information on how to configure the profiles.yml file,
please consult the dbt documentation here:

  https://docs.getdbt.com/docs/configure-your-profile

One more thing:

Need help? Don't hesitate to reach out to us via GitHub issues or on Slack:

  https://community.getdbt.com/

Happy modeling!

[0m06:50:16.590295 [debug] [MainThread]: Resource report: {"command_name": "init", "command_success": true, "command_wall_clock_time": 6.384827, "process_in_blocks": "8808", "process_kernel_time": 0.302238, "process_mem_max_rss": "159540", "process_out_blocks": "112", "process_user_time": 2.07976}
[0m06:50:16.591165 [debug] [MainThread]: Command `dbt init` succeeded at 06:50:16.591013 after 6.39 seconds
[0m06:50:16.591888 [debug] [MainThread]: Connection 'debug' was properly closed.
[0m06:50:16.592665 [debug] [MainThread]: Sending event: {'category': 'dbt', 'action': 'invocation', 'label': 'end', 'context': [<snowplow_tracker.self_describing_json.SelfDescribingJson object at 0x749dfdadff50>, <snowplow_tracker.self_describing_json.SelfDescribingJson object at 0x749e00247dd0>, <snowplow_tracker.self_describing_json.SelfDescribingJson object at 0x749e00247fb0>]}
[0m06:50:16.593487 [debug] [MainThread]: Flushing usage events
[0m06:50:17.422324 [debug] [MainThread]: An error was encountered while trying to flush usage events
[0m13:14:40.412384 [debug] [MainThread]: Sending event: {'category': 'dbt', 'action': 'invocation', 'label': 'start', 'context': [<snowplow_tracker.self_describing_json.SelfDescribingJson object at 0x72b8ff35f680>, <snowplow_tracker.self_describing_json.SelfDescribingJson object at 0x72b8ffff2f00>, <snowplow_tracker.self_describing_json.SelfDescribingJson object at 0x72b8ff35f4d0>]}


============================== 13:14:40.418982 | 2a5806cf-3e0b-4c36-aebc-e654c6b9a994 ==============================
[0m13:14:40.418982 [info ] [MainThread]: Running with dbt=1.12.3
[0m13:14:40.419825 [debug] [MainThread]: running dbt with arguments {'profiles_dir': '.', 'introspect': 'True', 'write_json': 'True', 'static_parser': 'True', 'log_path': 'logs', 'version_check': 'True', 'indirect_selection': 'eager', 'fail_fast': 'False', 'target_path': 'None', 'cache_selected_only': 'False', 'invocation_command': 'dbt run --profiles-dir .', 'use_experimental_parser': 'False', 'send_anonymous_usage_stats': 'True', 'log_cache_events': 'False', 'printer_width': '80', 'partial_parse': 'True', 'empty': 'False', 'log_format': 'default', 'debug': 'False', 'quiet': 'False', 'warn_error': 'None', 'no_print': 'None', 'use_colors': 'True', 'hints_enabled': 'True', 'warn_error_options': 'WarnErrorOptionsV2(error=[], warn=[], silence=[])', 'maximum_seed_size_mib': '1'}
[0m13:14:40.420552 [error] [MainThread]: [[31mERROR[0m]: Encountered an error:
Runtime Error
  No dbt_project.yml found at expected path /workspaces/DW_Mini-Project/dbt_project.yml
  Verify that each entry within packages.yml (and their transitive dependencies) contains a file named dbt_project.yml
  
[0m13:14:40.421961 [debug] [MainThread]: Resource report: {"command_name": "run", "command_success": false, "command_wall_clock_time": 0.12233831, "process_in_blocks": "784", "process_kernel_time": 0.260345, "process_mem_max_rss": "129556", "process_out_blocks": "8", "process_user_time": 3.171837}
[0m13:14:40.422604 [debug] [MainThread]: Command `dbt run` failed at 13:14:40.422488 after 0.12 seconds
[0m13:14:40.423106 [debug] [MainThread]: Sending event: {'category': 'dbt', 'action': 'invocation', 'label': 'end', 'context': [<snowplow_tracker.self_describing_json.SelfDescribingJson object at 0x72b8ff35ddc0>, <snowplow_tracker.self_describing_json.SelfDescribingJson object at 0x72b8ffff2f00>, <snowplow_tracker.self_describing_json.SelfDescribingJson object at 0x72b8ff287800>]}
[0m13:14:40.423645 [debug] [MainThread]: Flushing usage events
[0m13:14:41.342501 [debug] [MainThread]: An error was encountered while trying to flush usage events
[0m14:24:15.582763 [debug] [MainThread]: Sending event: {'category': 'dbt', 'action': 'invocation', 'label': 'start', 'context': [<snowplow_tracker.self_describing_json.SelfDescribingJson object at 0x7e1d35c06b70>, <snowplow_tracker.self_describing_json.SelfDescribingJson object at 0x7e1d366060f0>, <snowplow_tracker.self_describing_json.SelfDescribingJson object at 0x7e1d366079b0>]}


============================== 14:24:15.586268 | d13101f1-d60f-48d5-bb21-433ffae634ea ==============================
[0m14:24:15.586268 [info ] [MainThread]: Running with dbt=1.12.3
[0m14:24:15.587101 [debug] [MainThread]: running dbt with arguments {'invocation_command': 'dbt build', 'use_colors': 'True', 'hints_enabled': 'True', 'profiles_dir': '/home/codespace/.dbt', 'printer_width': '80', 'empty': 'False', 'use_experimental_parser': 'False', 'static_parser': 'True', 'no_print': 'None', 'warn_error_options': 'WarnErrorOptionsV2(error=[], warn=[], silence=[])', 'fail_fast': 'False', 'partial_parse': 'True', 'maximum_seed_size_mib': '1', 'log_cache_events': 'False', 'cache_selected_only': 'False', 'target_path': 'None', 'version_check': 'True', 'indirect_selection': 'eager', 'introspect': 'True', 'warn_error': 'None', 'log_format': 'default', 'log_path': 'logs', 'quiet': 'False', 'write_json': 'True', 'debug': 'False', 'send_anonymous_usage_stats': 'True'}
[0m14:24:15.587866 [error] [MainThread]: [[31mERROR[0m]: Encountered an error:
Runtime Error
  No dbt_project.yml found at expected path /workspaces/DW_Mini-Project/dbt_project.yml
  Verify that each entry within packages.yml (and their transitive dependencies) contains a file named dbt_project.yml
  
[0m14:24:15.589024 [debug] [MainThread]: Resource report: {"command_name": "build", "command_success": false, "command_wall_clock_time": 0.11564453, "process_in_blocks": "0", "process_kernel_time": 0.216796, "process_mem_max_rss": "127860", "process_out_blocks": "16", "process_user_time": 3.2251}
[0m14:24:15.589671 [debug] [MainThread]: Command `dbt build` failed at 14:24:15.589556 after 0.12 seconds
[0m14:24:15.590166 [debug] [MainThread]: Sending event: {'category': 'dbt', 'action': 'invocation', 'label': 'end', 'context': [<snowplow_tracker.self_describing_json.SelfDescribingJson object at 0x7e1d3639ae10>, <snowplow_tracker.self_describing_json.SelfDescribingJson object at 0x7e1d377b4a70>, <snowplow_tracker.self_describing_json.SelfDescribingJson object at 0x7e1d35c06b70>]}
[0m14:24:15.590716 [debug] [MainThread]: Flushing usage events
[0m14:24:16.398250 [debug] [MainThread]: An error was encountered while trying to flush usage events
[0m14:26:02.402112 [debug] [MainThread]: Sending event: {'category': 'dbt', 'action': 'invocation', 'label': 'start', 'context': [<snowplow_tracker.self_describing_json.SelfDescribingJson object at 0x76b89d157f20>, <snowplow_tracker.self_describing_json.SelfDescribingJson object at 0x76b89d3edc40>, <snowplow_tracker.self_describing_json.SelfDescribingJson object at 0x76b89c815640>]}


============================== 14:26:02.405546 | 661b6585-7652-45eb-aacc-3e6ce7487c1d ==============================
[0m14:26:02.405546 [info ] [MainThread]: Running with dbt=1.12.3
[0m14:26:02.406341 [debug] [MainThread]: running dbt with arguments {'maximum_seed_size_mib': '1', 'partial_parse': 'True', 'introspect': 'True', 'version_check': 'True', 'indirect_selection': 'eager', 'profiles_dir': '/home/codespace/.dbt', 'no_print': 'None', 'use_experimental_parser': 'False', 'printer_width': '80', 'debug': 'False', 'quiet': 'False', 'fail_fast': 'False', 'hints_enabled': 'True', 'use_colors': 'True', 'cache_selected_only': 'False', 'log_path': 'logs', 'empty': 'False', 'log_format': 'default', 'warn_error': 'None', 'target_path': 'None', 'warn_error_options': 'WarnErrorOptionsV2(error=[], warn=[], silence=[])', 'write_json': 'True', 'static_parser': 'True', 'invocation_command': 'dbt run', 'log_cache_events': 'False', 'send_anonymous_usage_stats': 'True'}
[0m14:26:02.407085 [error] [MainThread]: [[31mERROR[0m]: Encountered an error:
Runtime Error
  No dbt_project.yml found at expected path /workspaces/DW_Mini-Project/dbt_project.yml
  Verify that each entry within packages.yml (and their transitive dependencies) contains a file named dbt_project.yml
  
[0m14:26:02.408233 [debug] [MainThread]: Resource report: {"command_name": "run", "command_success": false, "command_wall_clock_time": 0.09975382, "process_in_blocks": "0", "process_kernel_time": 0.272599, "process_mem_max_rss": "128044", "process_out_blocks": "8", "process_user_time": 3.442066}
[0m14:26:02.408902 [debug] [MainThread]: Command `dbt run` failed at 14:26:02.408788 after 0.10 seconds
[0m14:26:02.409389 [debug] [MainThread]: Sending event: {'category': 'dbt', 'action': 'invocation', 'label': 'end', 'context': [<snowplow_tracker.self_describing_json.SelfDescribingJson object at 0x76b89d50c260>, <snowplow_tracker.self_describing_json.SelfDescribingJson object at 0x76b89c63b590>, <snowplow_tracker.self_describing_json.SelfDescribingJson object at 0x76b89d1f6630>]}
[0m14:26:02.409927 [debug] [MainThread]: Flushing usage events
[0m14:26:03.198298 [debug] [MainThread]: An error was encountered while trying to flush usage events
